---
source: src/app/finalization/reason_tests.rs
assertion_line: 95
expression: "samples().into_iter().map(|(variant, wire)|\nformat!(\"{variant} => {wire}\")).collect::<Vec<_>>().join(\"\\n\")"
---
BaseMissing => base_missing
ArtifactMissing => artifact_missing
CoderPartial => coder_partial
MissingCoderSummary => missing_coder_summary
InvalidCoderSummary => invalid_coder_summary
FailedUnverified => failed_unverified: missing finish stamp at /tmp/stamp.toml
ExitCode => exit(1)
Killed => killed(15) [agent exited 143]
ArtifactInvalid => artifact_invalid: bad toml
OperatorKilled => Operator Killed
UserForcedRetry => user_forced_retry
ForbiddenHeadAdvance => forbidden_head_advance
ReviewerModifiedWorkingTree => reviewer_modified_working_tree
ForbiddenControlEdit => forbidden_control_edit: a.rs, b.rs
RecoveryRequestedRevise => recovery_requested_revise: summary
RecoveryRequestedHumanBlocked => recovery_requested_human_blocked: summary
RecoveryRequestedAgentPivot => recovery_requested_agent_pivot: summary
RecoveryPlanReviewFailed => recovery_plan_review_failed: oops
RecoveryShardingFailed => recovery_sharding_failed: oops
RecoverySummaryEmpty => artifact_invalid: recovery summary is empty
RecoveryMissingFeedback => artifact_invalid: recovery status=Revise requires at least one feedback item
