---
source: src/ui/config_panel/mod.rs
expression: "render_to_text(&state, 90, 22)"
---
"Settings──────────────────────────────────────────────────────────/tmp/example/config.toml"
" Common  Models  Notifications  Agents  System                                            "
"──────────────────────────────────────────────────────────────────────────────────────────"
" ▾ claude                                                                                 "
"  ▾ c┌ claude · claude-opus-4.1 ────────────────────────────────────────────────────┐     "
"    ▌│ claude · claude-opus-4.1  (built-in)                                         │     "
"  ▾ c│                                                                              │     "
"     │ ▌ [x] Enabled                                                                │     "
"  ▾ c│   [x] Official  built-in                                                     │     "
"     │   [ ] Free  built-in                                                         │     "
"  ▾ c│   [ ] Ignore quota                                                           │     "
"     │   [ ] Cheap eligible                                                         │     "
"  ▾ c│   [ ] Tough eligible                                                         │     "
"     │   [x] Effort eligible                                                        │     "
"  ▾ c│                                                                              │     "
"     │ Whether this entry is offered when picking a model.                          │     "
"  ▾ c└──────────────────────────────────────────────────────────────────────────────┘     "
"      ✓ claude       claude    claude-sonnet-4.6  cheap · effort                          "
"  ↓ 54 more below                                                                         "
"──────────────────────────────────────────────────────────────────────────────────────────"
"ntfy.server must start with http:// or https://                                           "
"↑↓ navigate · Space toggle · x delete  ·                                         Esc close"
