---
source: src/ui/config_panel/mod.rs
expression: text
---
"settings────────────────────────────────────────────────/tmp/example/config.toml"
"▾ Common  ▸ Models  ▸ Notifications ●  ▸ Agents  ▸ System ●                     "
"────────────────────────────────────────────────────────────────────────────────"
"▌  Review cadence               │ 5                                             "
"   Open runs in split view      │ false                                         "
"   Footer key hints             │ true                                          "
"   Log level                    │ info                                          "
"   Project memory               │ true                                          "
"────────────────────────────────────────────────────────────────────────────────"
"Run a full alignment review every N review rounds. Minimum: 1.                  "
"Tab page  Enter edit  Space toggle  d default  / search            │ config open"
"                                                                                "
"                                                                                "
"                                                                                "
"                                                                                "
"                                                                                "
"                                                                                "
"                                                                                "
