---
source: src/ui/config_panel/mod.rs
expression: "render_to_text(&state, 100, 18)"
---
"⚙ Settings──────────────────────────────────────────────────────────────────/tmp/example/config.toml"
" Common  [Models]  Notifications  Agents  System                                                    "
"────────────────────────────────────────────────────────────────────────────────────────────────────"
" ◇ Models                                                                                           "
" ▾ claude                                                                                           "
"  ▾ claude-opus-4.1                                                                                 "
"    ▌ ✓ claude       claude    claude-opus-4.1  effort                                              "
"  ▾ claude-opus-4.5                                                                                 "
"      ✓ claude       claude    claude-opus-4.5  tough · effort                                      "
"  ▾ claude-opus-4.6                                                                                 "
"      ✓ claude       claude    claude-opus-4.6  tough · effort                                      "
"  ▾ claude-opus-4.7                                                                                 "
"      ✓ claude       claude    claude-opus-4.7  tough · effort                                      "
"  ▾ claude-sonnet-4                                                                                 "
"  ↓ 59 more below                                                                                   "
"────────────────────────────────────────────────────────────────────────────────────────────────────"
"Enter details · x remove                                                               │ config open"
"↑↓ navigate · Enter details · n new · x remove  │                                ^S save · Esc close"
