---
source: src/ui/config_panel/mod.rs
assertion_line: 3665
expression: text
---
"⚙ Settings──────────────────────────/tmp/example/config.toml"
" General  Models  Notifications ●  Agents  [System] ●       "
"────────────────────────────────────────────────────────────"
" ⊕ System (1 override)                                      "
"▌  Ntfy created                 │                           "
"   Ntfy updated                 │                           "
"   Cache root                   │ .codexize/cache           "
" ● Sessions root                │ $HOME/.codex… (overridden)"
"   Runs root                    │ .codexize/runs            "
"   Memory root                  │ .codexize/memory          "
"   Palette help row             │ ✓ on                      "
"   JSON logs                    │ ✗ off                     "
"   Memory topic limit           │ 6                         "
"────────────────────────────────────────────────────────────"
"Read-only timestamp set when the topic is fir… │ config open"
"←→ section · ↑↓ navigate  │              ^S save · Esc close"
