---
source: src/ui/config_panel/mod.rs
expression: "render_to_text(&state, 100, 18)"
---
"⚙ Settings──────────────────────────────────────────────────────────────────/tmp/example/config.toml"
" Common  [Models]  Notifications  Agents  System                                                    "
"────────────────────────────────────────────────────────────────────────────────────────────────────"
" ◇ Models                                                                                           "
"▌▸ claude                                                                                           "
" ▸ gpt                                                                                              "
" ▸ gemini                                                                                           "
" ▸ kimi                                                                                             "
" ▸ deepseek                                                                                         "
" ▸ minimax                                                                                          "
" ▸ qwen                                                                                             "
" ▸ mimo                                                                                             "
" ▸ glm                                                                                              "
"    + New model                                                                                     "
"                                                                                                    "
"────────────────────────────────────────────────────────────────────────────────────────────────────"
"Space expands · n new model                                                            │ config open"
"↑↓ navigate · Enter details · n new · x remove  │                                ^S save · Esc close"
