---
source: src/ui/config_panel/mod.rs
expression: "render_to_text(&state, 90, 22)"
---
"settings──────────────────────────────────────────────────────────/tmp/example/config.toml"
"▸ Common  ▸ Models  ▾ Notifications ●  ▸ Agents  ▸ System ●                               "
"──────────────────────────────────────────────────────────────────────────────────────────"
"   Notifications                │ true                                                    "
"   Server URL                   │ https://ntfy.sh                                         "
" ● Topic                        │ 0123456…89abcdef (overridden)                           "
" ● Me┌ Unsaved changes ─────────────────────────────────────────────────────────────┐     "
"▌● Re│ Your changes haven't been written to disk yet.                               │     "
"   Re│                                                                              │     "
"   HT│   [s] Save & close                                                           │     "
"   Bo│   [d] Discard & close                                                        │     "
"   Ex│ ▌ [c] Cancel  · keep editing without saving or closing                       │     "
"   Ph│                                                                              │     "
"   In│ ↑↓ select · Enter confirm · s/d/c shortcut · Esc cancel                      │     "
"   Do└──────────────────────────────────────────────────────────────────────────────┘     "
"──────────────────────────────────────────────────────────────────────────────────────────"
"Number of notification send attempts. Minimum: 1.                                         "
"Tab page  Enter edit  Space toggle  d default │ unsaved · 4 changes · applies after Ctrl-S"
"                                                                                          "
"                                                                                          "
"                                                                                          "
"                                                                                          "
