---
source: src/ui/config_panel/mod.rs
assertion_line: 3636
expression: "render_to_text(&state, 120, 20)"
---
"⚙ Settings──────────────────────────────────────────────────────────────────────────────────────/tmp/example/config.toml"
" [General]  Models  Notifications ●  Agents  System ●                                                                   "
"────────────────────────────────────────────────────────────────────────────────────────────────────────────────────────"
" ⚙ General                                                                          │ ┌─────────── Details ────────────┐"
"▌  Full review cadence          │ 5                                                 │ │Setting: Full review cadence    │"
"   Open split view              │ ✗ off                                             │ │Source: Default                 │"
"   Footer key hints             │ ✓ on                                              │ │                                │"
"   Log level                    │ info                                              │ │Value: 5                        │"
"   Project memory               │ ✓ on                                              │ │                                │"
"                                                                                    │ │Run full alignment review every │"
"                                                                                    │ │N review rounds. Minimum: 1.    │"
"                                                                                    │ │                                │"
"                                                                                    │ │                                │"
"                                                                                    │ │                                │"
"                                                                                    │ │                                │"
"                                                                                    │ │                                │"
"                                                                                    │ └────────────────────────────────┘"
"────────────────────────────────────────────────────────────────────────────────────────────────────────────────────────"
"Run full alignment review every N review rounds. Minimum: 1.                                               │ config open"
"←→ section · ↑↓ navigate · Enter edit · Space toggle · d reset · / search  │                         ^S save · Esc close"
