---
source: src/ui/config_panel/mod.rs
expression: "render_to_text(&state, 80, 18)"
---
"Settings────────────────────────────────────────────────/tmp/example/config.toml"
" Common  Models  Notifications ●  Agents  System ●                              "
"────────────────────────────────────────────────────────────────────────────────"
"   Notifications                │ ✓ on                                          "
"   Server URL                   │ https://ntfy.sh                               "
" ● Topic                        │ 0123456…89abcdef (overridden)                 "
"▌● Message detail               │ minimal (overridden)                          "
"   Retry attempts               │┌──────────┐                                   "
"   Retry delay                  ││  detailed│                                   "
"   HTTP timeout                 ││▌ minimal │                                   "
"   Body limit                   │└──────────┘                                   "
"   Excerpt limit                │ 600                                           "
"   Phase wait alerts            │ ✓ on                                          "
"   Input wait alerts            │ ✓ on                                          "
"   Done alerts                  │ ✓ on                                          "
"────────────────────────────────────────────────────────────────────────────────"
"Controls notification body length. Allowed: detailed,… │ choose ntfy.detail_mode"
"↑↓ select · Enter commit  ·                                           Esc cancel"
