---
source: src/ui/config_panel/mod.rs
expression: "render_to_text(&state, 100, 18)"
---
"settings────────────────────────────────────────────────────────────────────/tmp/example/config.toml"
"▸ Common  ▾ Models  ▸ Notifications  ▸ Agents  ▸ System                                             "
"────────────────────────────────────────────────────────────────────────────────────────────────────"
"▌▸ claude                                                                                           "
" ▸ gpt                                                                                              "
" ▸ gemini                                                                                           "
" ▸ kimi                                                                                             "
" ▸ deepseek                                                                                         "
" ▸ minimax                                                                                          "
" ▸ qwen                                                                                             "
" ▸ mimo                                                                                             "
" ▸ glm                                                                                              "
"    + New model                                                                                     "
"────────────────────────────────────────────────────────────────────────────────────────────────────"
"Space/Enter expands this vendor · n adds a new model                                                "
"↑↓ model  Enter details  n new  x remove  Ctrl-S save  q/Esc close                     │ config open"
"                                                                                                    "
"                                                                                                    "
