---
source: src/ui/config_panel/mod.rs
expression: "render_to_text(&state, 90, 22)"
---
"settings──────────────────────────────────────────────────────────/tmp/example/config.toml"
"▸ Common  ▾ Models  ▸ Notifications  ▸ Agents  ▸ System                                   "
"──────────────────────────────────────────────────────────────────────────────────────────"
"  ▾ claude · claude-opus-4.1                                                              "
"    ▌┌ claude · claude-opus-4.1 ────────────────────────────────────────────────────┐effor"
"  ▾ c│ claude · claude-opus-4.1  (built-in)                                         │     "
"     │                                                                              │effor"
"  ▾ c│ ▌ [x] Enabled                                                                │     "
"     │   [x] Official  built-in                                                     │effor"
"  ▾ c│   [ ] Free  built-in                                                         │     "
"     │   [ ] Ignore quota                                                           │effor"
"  ▾ c│   [ ] Cheap eligible                                                         │     "
"     │   [x] Tough eligible                                                         │effor"
"  ▾ c│   [x] Effort eligible                                                        │     "
"     │                                                                              │· eff"
"  ▾ c│ Whether this entry is offered when picking a model.                          │     "
"     └──────────────────────────────────────────────────────────────────────────────┘· eff"
"  ▾ gpt · gpt-5.2                                                                         "
"  ↓ 38 more below                                                                         "
"──────────────────────────────────────────────────────────────────────────────────────────"
"Enter opens the per-provider detail drawer · a adds a custom entry · x removes            "
"↑↓ option  Space toggle  x delete  Esc close            │ editing claude · claude-opus-4.1"
