---
source: src/ui/config_panel/mod.rs
assertion_line: 2502
expression: "render_to_text(&state, 80, 18)"
---
"codexize · settings · /tmp/example/config.toml                                  "
"▸ Common  ▸ Models  ▾ Notifications*  ▸ Agents  ▸ System*                       "
"────────────────────────────────────────────────────────────────────────────────"
"> Notifications                │ true                                      (def)"
"  Server URL                   │ ┌────────┐fy.sh                           (def)"
" *Topic                        │ │> true  │abcdef                       override"
" *Message detail               │ │  false │                             override"
"  Retry attempts               │ └────────┘                                (def)"
"  Retry delay                  │ 250                                       (def)"
"  HTTP timeout                 │ 10                                        (def)"
"  Body limit                   │ 4096                                      (def)"
"  Excerpt limit                │ 600                                       (def)"
"  Phase wait alerts            │ true                                      (def)"
"  Input wait alerts            │ true                                      (def)"
"  Done alerts                  │ true                                      (def)"
"────────────────────────────────────────────────────────────────────────────────"
"Enables notification delivery when a topic is configured.                       "
"↑↓ select · Enter commit · Esc cancel  |  choose ntfy.enabled                   "
