---
source: src/ui/config_panel/mod.rs
expression: "render_to_text(&state, 100, 18)"
---
"settings────────────────────────────────────────────────────────────────────/tmp/example/config.toml"
"▸ Common  ▾ Models  ▸ Notifications  ▸ Agents  ▸ System                                             "
"────────────────────────────────────────────────────────────────────────────────────────────────────"
" ▾ claude                                                                                           "
"  ▾ claude-opus-4.1                                                                                 "
"    ▌ ✓ claude       claude    claude-opus-4.1  tough · effort                                      "
"  ▾ claude-opus-4.5                                                                                 "
"      ✓ claude       claude    claude-opus-4.5  tough · effort                                      "
"  ▾ claude-opus-4.6                                                                                 "
"      ✓ claude       claude    claude-opus-4.6  tough · effort                                      "
"  ▾ claude-opus-4.7                                                                                 "
"      ✓ claude       claude    claude-opus-4.7  tough · effort                                      "
"  ▾ claude-sonnet-4                                                                                 "
"      ✓ claude       claude    claude-sonnet-4  cheap · effort                                      "
"  ↓ 58 more below                                                                                   "
"────────────────────────────────────────────────────────────────────────────────────────────────────"
"Enter opens the per-provider detail drawer · x removes · n adds                                     "
"↑↓ model  Enter details  n new  x remove  Ctrl-S save  q/Esc close                     │ config open"
