---
source: src/ui/config_panel/mod.rs
assertion_line: 2267
expression: text
---
"settings────────────────────────────────────────────────/tmp/example/config.toml"
"▾ Common  ▸ Models  ▸ Notifications*  ▸ Agents  ▸ System*                       "
"────────────────────────────────────────────────────────────────────────────────"
"> Review cadence               │ 5                                         (def)"
"  Open runs in split view      │ false                                     (def)"
"  Footer key hints             │ true                                      (def)"
"  Log level                    │ info                                      (def)"
"  Project memory               │ true                                      (def)"
"────────────────────────────────────────────────────────────────────────────────"
"Run a full alignment review every N review rounds. Minimum: 1.                  "
"Tab page · Enter edit · Ctrl-S save · Esc close · d default · / search  |  conf…"
"                                                                                "
"                                                                                "
"                                                                                "
"                                                                                "
"                                                                                "
"                                                                                "
"                                                                                "
