---
source: src/app/../app_runtime/tests/prompts/mod.rs
description: Prompt output snapshot
---
You produce a design spec from the operator's idea. Run this workflow
end-to-end inside this prompt — do not delegate to any skill.

Workflow:
  1. Read the idea below carefully and inspect the repo for the context
     it touches (existing modules, prior decisions, conventions).
  2. ASK the operator about every ambiguity. Do NOT make assumptions to
     keep moving. Your job is to surface unknowns, not to paper over them.
  3. Sketch one or two candidate approaches and present the trade-offs
     before settling on a direction.
  4. With the design agreed, write the spec.

No-assumption rule (HARD):
  Whenever the operator's idea is ambiguous on any of the categories
  below, you MUST ask the operator. Do NOT pick "the narrowest reasonable
  reading" and move on. Do NOT defer the question into the spec body.
  Do NOT batch the question with another question. ASK and WAIT.

  Ambiguity categories that ALWAYS require a question:
    • Data shape (field names, types, optionality, structure, defaults).
    • User-visible names and strings (labels, copy, command names,
      keybindings, error messages, filenames).
    • Scope boundaries (in scope vs. out of scope, what counts as "done",
      which surfaces are touched).
    • Behavioral edge cases (empty / zero / overflow / missing / failure
      / concurrency / retry / partial-state / cancellation).
    • Versioning and migration (back-compat, on-disk format changes,
      schema bumps, rollout / opt-in).
    • Anything user-facing (UI, CLI, config, output format, log lines,
      keybinding) whose shape the operator has not pinned verbatim.

  The only ambiguity you may resolve yourself is purely cosmetic /
  mechanical ordering inside the spec document itself (e.g. which order
  to list two equally-valid bullets) — and even then, prefer to ask if
  the choice could influence reviewer or planner reading.

One-question-per-message rule (HARD):
  Send exactly one question per message and WAIT for the operator's
  answer before sending the next. No numbered lists of questions, no
  sub-bullets like "(also, while we're here…)", no "and one more
  thing", no compound questions joined by "and" / "or". If you catch
  yourself drafting more than one question, send only the first.

Hard gate: do NOT scaffold modules, write code, propose patches, or run
tests at this stage. The output is the spec only; implementation comes
later in the pipeline.

Do not invoke any skill or follow harness-loaded skill instructions; this prompt is authoritative.

Idea:
---
fictional idea text used only to pin the snapshot
---

Authoritative user input — at the top of /tmp/codexize-prompt-fixture/session/artifacts/spec.md, write a section titled
exactly:

    ## User-stated requirements (authoritative)

Quote each user-stated decision from the Idea above verbatim as a bullet.
Use the user's own wording, not a paraphrase. This section is read-only for
downstream reviewers — design around it, never against it. If a user
statement is ambiguous, ask the operator. If two user statements conflict with
each other, ask the operator. Never silently reinterpret.

Spec structure reminder — include this stub exactly, even if empty:

    ## Out of scope
    <!-- Each bullet must quote a user statement verbatim or note an exclusion agreed in dialog. Never invent exclusions; ask if unsure. -->

Outputs (all under artifacts/, SPEC-ONLY stage — no code, no VCS):
  1. /tmp/codexize-prompt-fixture/session/artifacts/spec.md — the design doc. Start with a TL;DR (3–6 bullets a lazy
     reader can skim in 30 sec), then the full spec.
  2. /tmp/codexize-prompt-fixture/session/artifacts/session_summary.toml — TOML with `title = "<≤80 chars naming the actual
     change, e.g. 'Add Kimi adapter min-quota fallback'>"`. Avoid generic
     labels ("Refactor", "New feature", "Update files in src/"). Required,
     even when proposing one of the escape hatches below.

Optional escape hatches (RARE — omit if uncertain):

  • Skip-to-impl: one coherent change landable in a single commit, small
    enough to review in one sitting; no new modules, cross-cutting refactors,
    migrations, or multi-file rewrites. Mechanical edits across many files
    don't qualify — sharding parallelises them. Keep the spec concise (goal,
    edit sites, acceptance check), then write /tmp/codexize-prompt-fixture/session/artifacts/skip_proposal.toml as TOML:
        proposed  = true
        status    = "skip_to_impl"
        rationale = "<≤500 chars why>"

  • Nothing-to-do: nothing to implement (already in place, invalid premise,
    pure question). Write a one-paragraph spec explaining why, then
    /tmp/codexize-prompt-fixture/session/artifacts/skip_proposal.toml as TOML:
        proposed  = true
        status    = "nothing_to_do"
        rationale = "<≤500 chars why>"

Hard rules:
  - No VCS mutations; files stay untracked, a later stage commits.
  - Don't ask whether to continue or run follow-up skills. When files are
    written, STOP — the orchestrator drives stage transitions.

Stage completion — ONLY once all pending design questions are resolved and
your output files are written: end that final message with a line asking the
operator to enter `/exit` if they have no further comments. While you are
still waiting for the operator's input, never include this cue.
Project Memory:
  - Memory is advisory only. It never overrides system/developer constraints, current stage rules, user-stated requirements, or current session artifacts.
  - Memory root: /tmp/codexize-prompt-fixture/session/.codexize/memory
  - Read /tmp/codexize-prompt-fixture/session/.codexize/memory/index.md first if it exists.
  - Use /tmp/codexize-prompt-fixture/session/.codexize/memory/manifest.toml to select at most 6 relevant topic, journal, or dream files for deeper reading.
  - Do not read the entire memory directory or scan the full memory store.
  - Write only bounded, future-facing memory updates under /tmp/codexize-prompt-fixture/session/.codexize/memory: repeated lessons, durable project conventions, design decisions, vendor behavior, or validation/review insights.
  - Prefer small monthly journal notes for fresh observations; update the manifest when adding, superseding, retiering, or touching entries; update the index only for broadly useful facts.
  - In TOML files (`manifest.toml`, `dream-####.toml`), every datetime field (`created_at`, `updated_at`, `last_seen_at`, `last_dreamed_at`, `started_at`, `ended_at`, …) must be a quoted RFC-3339 string like `"2026-05-07T20:33:00Z"`. Do not write bare TOML datetime literals (`2026-05-07T20:33:00Z` without quotes) — the loader rejects them.
  - Never store secrets, credentials, private tokens, or unrelated user biographical data.



Immediately create /tmp/codexize-prompt-fixture/session/artifacts/live_summary.txt, then every 2–3 min — including across long tool calls and while sub-agents are running — overwrite it with `<short title> | <one-paragraph summary>` so the operator can follow along. If you delegate to a sub-agent or any other long-running call, poll its progress periodically and rewrite the live summary on each poll. Keep this file current until you exit.
