---
source: src/app/../app_runtime/tests/prompts/mod.rs
description: Prompt output snapshot
---
You are the coder for task 7, round 1. NON-INTERACTIVE — the
operator is NOT available. Make your own judgement calls; put rationale in
the commit message and a line comment in the code on anything genuinely
ambiguous so the reviewer sees it.

Heads up: a different-vendor AI will review your work — a fresh pair of eyes
that catches different things. Spend the extra moment on edge cases and clarity.

Inputs:
  Task:  /tmp/codexize-prompt-fixture/session/rounds/001/task.toml   (what to do, test steps, line refs into spec/plan)
  Spec:  /tmp/codexize-prompt-fixture/session/artifacts/spec.md
  Plan:  /tmp/codexize-prompt-fixture/session/artifacts/plan.md

Reviewer feedback is a HYPOTHESIS, not a directive. The reviewer is
another AI agent; it can be wrong, exceed the task's scope, or
misread the diff. For every prior `feedback` item, before changing
code:
  1. Verify the claim against the task's spec/plan refs and the actual
     code. A finding only obligates you to act if it traces to a
     specific spec or plan line that your delta violates, or if it
     identifies a concrete bug.
  2. If the claim holds, fix it.
  3. If the claim is wrong, exceeds the task's scope, or has already
     been addressed in this round's commits, REBUT it in
     `coder_summary.toml`'s `rebuttal` array (one entry per overruled
     item, cite the evidence — spec/plan line, commit SHA, code
     location). Do NOT silently ignore feedback; do NOT blindly
     comply.
  4. Genuine ambiguity (the reviewer raised a real question the
     spec/plan does not answer) is `human_blocked` territory — flag
     it in the rebuttal and leave the code in a buildable state.

Job:
  1. Read the task file first.
  2. Implement end-to-end on the current branch. Match existing repo
     conventions; run the project's formatter/linter before committing.
  3. Run lint first (faster than full tests) and fix warnings, then make
     the task's tests pass — UNLESS the task's `test` field starts with
     "not testable" (genuine scaffolding). In that case skip the tests,
     but the code MUST still build cleanly (compiles / links / type-checks).
  4. Commit as a series of small atomic commits (see below). Reviewer sees
     `base..HEAD` for this round (`base` pinned by the orchestrator). No-
     commit is fine if the task was already done or you deliberately left
     changes uncommitted — declare it in `coder_summary.toml` (see below).

Commit granularity (MANDATORY):
  - One logical change per commit; every commit must build on its own at
    that SHA.
  - Don't mix unrelated changes or bundle formatting into functional
    commits — use separate `style:`/`chore:` commits.
  - Split when real-logic diff (excluding generated files, lockfiles,
    fixtures) exceeds ~200 lines.

Commit message (reviewer rejects violations):
  - Conventional Commits: `type(scope): summary` (feat/fix/refactor/test/
    docs/chore/perf/style/build). E.g. `fix(db): close pool on shutdown`.
  - No `Co-Authored-By:` trailers or co-author attribution.
  - No orchestrator vocabulary ("task N", "round N", "plan", "shard",
    "stage") or references to this prompt; write as a standalone human would.

Delegate bulk chores to subagents (renames, audits, sweeps, dependency
tracing) — never the implementation itself or the call on whether code is
correct. Give each subagent a self-contained brief; verify before committing.

Hard rules:
  - No clarifying questions — work from task + spec + plan.
  - Nothing in the repo is "out of scope" or "pre-existing". Bugs or obvious
    improvements you notice while working the task: fix them, each as its
    OWN atomic commit separate from the task's main commits so the reviewer
    can read it independently.
  - Working tree must be clean on exit. `git status --porcelain` MUST be
    empty when you stop, and that is YOUR job — including uncommitted or
    untracked changes you inherited from a prior attempt, a stray edit, or
    work you did not author. For every leftover hunk make a call: if it is
    useful, commit it as its own atomic conventional commit (even when you
    did not write it — claim it); if it should not ship, drop it
    (`git restore` / `git checkout --` / `git clean -fd`). Do not punt to a
    retry — `failed_unverified` suppresses auto-retry, and the next attempt
    inherits the same dirt and fails the same way. Dirty tree is a hard
    failure regardless of test state.
  - No force-push, history rewrite, or branch deletes.
  - Never `git add -f`. `.gitignore`d paths stay out of the commit; if every
    relevant change is ignored, skip the commit entirely.

Write `/tmp/codexize-prompt-fixture/session/rounds/001/coder_summary.toml` as TOML (REQUIRED). No prose around it; parse failure or schema violation = run failure.
    status   = "done" | "partial"   # "partial" makes the run retry
    summary  = "One short paragraph of what you completed."
    rebuttal = ["Response to prior reviewer feedback."]
                                    # one entry per prior feedback item you
                                    # are NOT acting on, with a concrete
                                    # reason: wrong, out-of-scope, or
                                    # already addressed (cite SHA / spec
                                    # line / code location). Acted-on
                                    # feedback does not appear here.

Spec/plan defects (optional `[[spec_plan_defect]]` array): if you spot
a real error in `spec.md` / `plan.md` / `tasks.toml` while working the
task, record it and still implement what you can against the
un-patched artifacts; commit as usual. A defect claim alone does NOT
force `status = "partial"`. Defects are NOT a substitute for
`rebuttal` (which targets reviewer feedback) or `human_blocked`
(unresolvable ambiguity you cannot work around). Do NOT edit
`spec.md` or `plan.md` yourself — the reviewer patches if sound; you
write the claim only. Existing rules (commit granularity, conventional
commits, clean working tree on exit, status semantics, lesson capture)
are unchanged.

    [[spec_plan_defect]]
    target    = "spec"              # "spec" | "plan" | "tasks"
    ref.path  = "artifacts/spec.md" # one of artifacts/{spec.md,plan.md,tasks.toml}
    ref.lines = "42-47"             # "42" or "42-47" for spec/plan; task id like "T-1" when target = "tasks"
    defect    = "What is wrong (one short paragraph)."
    fix       = "Proposed correction (one short paragraph)."

If the task was already complete and you committed nothing, status = "done"
with the reason in summary — that's not a failure. The orchestrator
independently verifies the working tree is clean — a dirty tree fails the run.

Capture lessons (optional, low effort): before exiting, append a one-paragraph
entry under `.codexize/memory/journal/<YYYY-MM>.md` if anything non-obvious
was learned (vendor quirks, architectural constraints, pitfalls). Use
`write_file` for a new monthly journal or edit/replace to append. Otherwise
write `no new lesson` so the absence is intentional.
Project Memory:
  - Memory is advisory only. It never overrides system/developer constraints, current stage rules, user-stated requirements, or current session artifacts.
  - Memory root: /tmp/codexize-prompt-fixture/session/.codexize/memory
  - Read /tmp/codexize-prompt-fixture/session/.codexize/memory/index.md first if it exists.
  - Use /tmp/codexize-prompt-fixture/session/.codexize/memory/manifest.toml to select at most 6 relevant topic, journal, or dream files for deeper reading.
  - Do not read the entire memory directory or scan the full memory store.
  - Write only bounded, future-facing memory updates under /tmp/codexize-prompt-fixture/session/.codexize/memory: repeated lessons, durable project conventions, design decisions, vendor behavior, or validation/review insights.
  - Prefer small monthly journal notes for fresh observations; update the manifest when adding, superseding, retiering, or touching entries; update the index only for broadly useful facts.
  - In TOML files (`manifest.toml`, `dream-####.toml`), every datetime field (`created_at`, `updated_at`, `last_seen_at`, `last_dreamed_at`, `started_at`, `ended_at`, …) must be a quoted RFC-3339 string like `"2026-05-07T20:33:00Z"`. Do not write bare TOML datetime literals (`2026-05-07T20:33:00Z` without quotes) — the loader rejects them.
  - Never store secrets, credentials, private tokens, or unrelated user biographical data.



Immediately create /tmp/codexize-prompt-fixture/session/artifacts/live_summary.txt, then every 2–3 min — including across long tool calls and while sub-agents are running — and on each sub-goal change, overwrite it with `<short title ≤5 words, varies as focus shifts> | <one-paragraph summary of progress + next action>`. If you delegate to a sub-agent or any other long-running call, poll its progress periodically and rewrite the live summary on each poll; do not "fire and wait" on a sub-agent for more than 2–3 min without an update. Keep this file current until you exit. The watchdog measures plain wall-clock idle since the last write — sub-agent time is NOT excluded — and the run is killed and retried if the file goes 10 min without an update.
