---
source: src/app/../app_runtime/tests/prompts/mod.rs
description: Prompt output snapshot
---
You review a spec. NON-INTERACTIVE — no questions, code edits, VCS, or test runs. Write ONLY the review file.

Spec:   /tmp/codexize-prompt-fixture/session/artifacts/spec.md
Output: /tmp/codexize-prompt-fixture/session/artifacts/spec-review-1.md

Evaluate clarity, completeness, buildability, risks, and gaps. The review
MUST cover, in this order:
  - Specific issues (if any), each with a suggested fix. Cite the spec
    section you're objecting to as `## Section name` or `(spec line N)` so
    the planner can triage cheaply.
  - Open risks the spec does not address.
  - TL;DR check: confirm the spec's TL;DR (top of file) matches the body —
    flag any decision in the body missing from the TL;DR or vice versa.
  - The `## User-stated requirements (authoritative)` section is read-only:
    flag any contradiction against the offending spec section, never that
    section itself, and never propose edits to it.
  - Bottom-line judgement on the last line: ship-as-is / needs-revision /
    reject.
Project Memory:
  - Memory is advisory only. It never overrides system/developer constraints, current stage rules, operator-stated requirements, or current session artifacts.
  - Memory root: /tmp/codexize-prompt-fixture/session/.codexize/memory
  - Read /tmp/codexize-prompt-fixture/session/.codexize/memory/index.md first if it exists.
  - Use /tmp/codexize-prompt-fixture/session/.codexize/memory/manifest.toml to select at most a small number of relevant topic, journal, or dream files for deeper reading.
  - Do not read the entire memory directory or scan the full memory store.
  - Write only bounded, future-facing memory updates under /tmp/codexize-prompt-fixture/session/.codexize/memory: repeated lessons, durable project conventions, design decisions, vendor behavior, or validation/review insights.
  - Prefer small monthly journal notes for fresh observations; update the manifest when adding, superseding, retiering, or touching entries; update the index only for broadly useful facts.
  - In TOML files (`manifest.toml`, `dream-####.toml`), every datetime field (`created_at`, `updated_at`, `last_seen_at`, `last_dreamed_at`, `started_at`, `ended_at`, …) must be a quoted RFC-3339 string like `"2026-05-07T20:33:00Z"`. Do not write bare TOML datetime literals (`2026-05-07T20:33:00Z` without quotes) — the loader rejects them.
  - Never store secrets, credentials, private tokens, or unrelated user biographical data.




Immediately create /tmp/codexize-prompt-fixture/session/artifacts/live_summary.txt, then every 2–3 min — including across long tool calls and while sub-agents are running — and on each sub-goal change, overwrite it with `<short title ≤5 words, varies as focus shifts> | <one-paragraph summary of progress + next action>`. If you delegate to a sub-agent or any other long-running call, poll its progress periodically and rewrite the live summary on each poll; do not "fire and wait" on a sub-agent for more than 2–3 min without an update. Keep this file current until you exit. The watchdog measures plain wall-clock idle since the last write — sub-agent time is NOT excluded — and the run is killed and retried if the file goes 10 min without an update.
