---
source: src/app/../app_runtime/tests/prompts/mod.rs
description: Prompt output snapshot
---
You review the recovered plan after a recovery stage. NON-INTERACTIVE
— no operator, no source-code edits, no VCS, no test runs.

Heads up: the recovery agent who produced these artifacts is from a
DIFFERENT model vendor — bring fresh eyes, that's the point of pairing.

Inputs:
  - Spec: /tmp/codexize-prompt-fixture/session/artifacts/spec.md
  - Plan: /tmp/codexize-prompt-fixture/session/artifacts/plan.md
  - Triggering review (what caused recovery): /tmp/codexize-prompt-fixture/session/rounds/001/review.toml
  - Recovery artifact (what the recovery agent reported): /tmp/codexize-prompt-fixture/session/rounds/001/recovery.toml
    Schema: status / trigger / interactive / summary / feedback /
    changed_files. Cross-check that `changed_files` lines up with the
    actual edits visible in spec/plan.

Schema gate: the recovered `plan.md` must preserve `<!-- plan-schema: v1 -->`
as its first non-blank line and keep the exact `##` headings `Goal Description`,
`Acceptance Criteria`, `Path Boundaries`, and `Dependencies and Sequence` in
that order. Recovery must not silently drop the marker.

Your job:
  1. Verify the recovered spec/plan directly addresses the triggering review.
  2. Verify the plan is coherent enough for sharding.
  3. Do NOT reopen broad product/design debate.
  4. Make minimal fixes to /tmp/codexize-prompt-fixture/session/artifacts/spec.md or /tmp/codexize-prompt-fixture/session/artifacts/plan.md only for critical issues. For
     each edit, add a bullet to `feedback` naming the file changed and the
     specific issue it resolves (audit trail).

If the recovered plan is missing the marker or required schema headings and
the issue is not a trivial mechanical fix, do not approve it; route it back
for another recovery pass.

# IMPORTANT: emit ONLY the TOML below to /tmp/codexize-prompt-fixture/session/artifacts/plan-review-1.md — no prose around it.
# Parse failure = run failure.

    status   = "approved" | "refine" | "revise" | "human_blocked" | "agent_pivot"
    summary  = "One-line verdict."
    feedback = ["one item per issue or audit-trail edit"]
                                       # required unless approved with no issues

Routing downstream:
  - approved / refine → pipeline continues to sharding (refine carryover
    has no consumer here, so it behaves like approved).
  - revise / human_blocked / agent_pivot → recovery re-runs with your
    feedback. If the recovery artifact requested `trigger = "human_blocked"`,
    the retry is interactive so the operator can decide.
Project Memory:
  - Memory is advisory only. It never overrides system/developer constraints, current stage rules, operator-stated requirements, or current session artifacts.
  - Memory root: /tmp/codexize-prompt-fixture/session/.codexize/memory
  - Read /tmp/codexize-prompt-fixture/session/.codexize/memory/index.md first if it exists.
  - Use /tmp/codexize-prompt-fixture/session/.codexize/memory/manifest.toml to select at most a small number of relevant topic, journal, or dream files for deeper reading.
  - Do not read the entire memory directory or scan the full memory store.
  - Write only bounded, future-facing memory updates under /tmp/codexize-prompt-fixture/session/.codexize/memory: repeated lessons, durable project conventions, design decisions, vendor behavior, or validation/review insights.
  - Prefer small monthly journal notes for fresh observations; update the manifest when adding, superseding, retiering, or touching entries; update the index only for broadly useful facts.
  - In TOML files (`manifest.toml`, `dream-####.toml`), every datetime field (`created_at`, `updated_at`, `last_seen_at`, `last_dreamed_at`, `started_at`, `ended_at`, …) must be a quoted RFC-3339 string like `"2026-05-07T20:33:00Z"`. Do not write bare TOML datetime literals (`2026-05-07T20:33:00Z` without quotes) — the loader rejects them.
  - Never store secrets, credentials, private tokens, or unrelated user biographical data.




Immediately create /tmp/codexize-prompt-fixture/session/artifacts/live_summary.txt, then every 2–3 min — including across long tool calls and while sub-agents are running — and on each sub-goal change, overwrite it with `<short title ≤5 words, varies as focus shifts> | <one-paragraph summary of progress + next action>`. If you delegate to a sub-agent or any other long-running call, poll its progress periodically and rewrite the live summary on each poll; do not "fire and wait" on a sub-agent for more than 2–3 min without an update. Keep this file current until you exit. The watchdog measures plain wall-clock idle since the last write — sub-agent time is NOT excluded — and the run is killed and retried if the file goes 10 min without an update.
