---
source: src/data/dashboard_model_tests.rs
expression: render_dashboard_models(&models)
---
- name: anthropic/claude-opus-4
  vendor: vendor
  display_order: 2
  score_source: Ipbr
  ipbr_row_matched: true
  ipbr_phase_scores: idea=Some(88.0) planning=Some(89.0) build=Some(90.0) review=Some(91.0)
