---
source: src/data/dashboard_model_tests.rs
assertion_line: 325
expression: render_dashboard_models(&models)
---
- name: anthropic/claude-opus-4
  vendor: vendor
  overall_score: 88.0000
  current_score: 88.0000
  standard_error: 0.0000
  display_order: 2
  score_source: Ipbr
  ipbr_row_matched: true
  fallback_from: -
  axes:
    - correctness: 88.0000
  ipbr_phase_scores: idea=Some(88.0) planning=Some(89.0) build=Some(90.0) review=Some(91.0)
- name: gpt-5.4
  vendor: vendor
  overall_score: 0.8000
  current_score: 0.8000
  standard_error: 0.0000
  display_order: 5
  score_source: None
  ipbr_row_matched: false
  fallback_from: -
  axes:
    - correctness: 0.8000
  ipbr_phase_scores: idea=None planning=None build=None review=None
